src/components/ui/bento-grid-01.tsx(383,148): error TS2353: Object literal may only specify known properties, and 'mb' does not exist in type 'Properties<string | number, string & {}>'.
src/components/ui/bento-grid-01.tsx(400,148): error TS2353: Object literal may only specify known properties, and 'mb' does not exist in type 'Properties<string | number, string & {}>'.
