src/components/ui/modern-header.tsx(116,65): error TS7006: Parameter 'item' implicitly has an 'any' type.
